Ôû▓ Next.js 16.2.1 (Turbopack)
- Environments: .env.local

  Creating an optimized production build ...
Ô£ô Compiled successfully in 89s
  Running TypeScript ...
